<area shape="rect" href="$classZipArchiveLib_1_1CDeflateCompressor.html" title="{ZipArchiveLib::CDeflateCompressor\n|&#45; m_options\l&#45; m_stream\l|+ CanProcess()\l+ CDeflateCompressor()\l+ Compress()\l+ Decompress()\l+ FinishCompression()\l+ FinishDecompression()\l+ GetOptions()\l+ InitCompression()\l+ InitDecompression()\l+ ~CDeflateCompressor()\l# ConvertInternalError()\l# IsCodeErrorOK()\l# UpdateOptions()\l}" alt="" coords="9,822,233,1110">
<area shape="rect" href="$classCZipCompressor.html" title="{CZipCompressor\n|+ m_uComprLeft\l+ m_uCrc32\l+ m_uUncomprLeft\l# m_pBuffer\l# m_pCryptograph\l# m_pFile\l# m_pStorage\l|+ CanProcess()\l+ Compress()\l+ Decompress()\l+ FinishCompression()\l+ FinishDecompression()\l+ GetOptions()\l+ InitCompression()\l+ InitDecompression()\l+ UpdateOptions()\l+ ~CZipCompressor()\l+ CreateCompressor()\l+ IsCompressionSupported()\l# ConvertInternalError()\l# CZipCompressor()\l# FlushWriteBuffer()\l# InitBuffer()\l# ReleaseBuffer()\l# ThrowError()\l# UpdateCrc()\l# UpdateFileCrc()\l# UpdateOptions()\l}" alt="" coords="28,6,215,502">
